// Jest Snapshot v1, https://goo.gl/fbAQLP

exports[`Modal component Matches the snapshot 1`] = `
<div
  className="overlay"
>
  <div
    className="modal"
  >
    <h2>
      Title
    </h2>
    <p>
      Message
    </p>
    <button
      className="button"
      disabled={false}
      onClick={[Function]}
      type="button"
    >
      Click
    </button>
  </div>
</div>
`;
